// Jest Snapshot v1, https://goo.gl/fbAQLP

exports[`LandingPage should match snapshot 1`] = `
<div>
  <div
    class="landingPage"
  >
    <p>
      :(( seems a bit empty
    </p>
    <a
      href="/allSongs"
    >
      <button
        type="button"
      >
        Sync
      </button>
    </a>
  </div>
</div>
`;
